[2025-09-04 17:50:47,495][   train_val.py][line: 127][    INFO] args: Namespace(config='config_bottle_temp.yaml', class_name='bottle', evaluate=False, local_rank=None, single_gpu=True)
[2025-09-04 17:50:47,496][   train_val.py][line: 128][    INFO] config: {'criterion': [{'kwargs': {'weight': 1.0},
                'name': 'FeatureMSELoss',
                'type': 'FeatureMSELoss'}],
 'dataset': {'batch_size': 8,
             'image_reader': {'kwargs': {'color_mode': 'RGB',
                                         'image_dir': './data/MVTec-AD/mvtec_anomaly_detection'},
                              'type': 'opencv'},
             'input_size': [224, 224],
             'pixel_mean': [0.485, 0.456, 0.406],
             'pixel_std': [0.229, 0.224, 0.225],
             'test': {'meta_file': './data/MVTec-AD/test.json'},
             'train': {'hflip': False,
                       'meta_file': './data/MVTec-AD/train.json',
                       'rebalance': False,
                       'rotate': False,
                       'vflip': False},
             'type': 'custom',
             'workers': 4},
 'evaluator': {'eval_dir': 'bottle\\result_eval_temp',
               'key_metric': 'mean_pixel_auc',
               'metrics': {'auc': [{'name': 'std'},
                                   {'kwargs': {'avgpool_size': [16, 16]},
                                    'name': 'max'},
                                   {'name': 'pixel'}]},
               'save_dir': 'result_eval_temp',
               'vis_compound': {'max_score': None,
                                'min_score': None,
                                'save_dir': './tools/vis_compound'}},
 'exp_path': 'bottle',
 'frozen_layers': ['backbone'],
 'log_path': 'bottle\\log_mobilesam/',
 'net': [{'frozen': True,
          'kwargs': {'checkpoint_path': 'D:\\FPTU-sourse\\Term5\\ImageAnomalyDetection\\Code\\IAD\\mobile_sam_checkpoint\\mobile_sam.pt',
                     'model_type': 'vit_t',
                     'outlayers': [4],
                     'outstrides': [16],
                     'pretrained': True},
          'name': 'backbone',
          'type': 'models.backbones.mobilesam_vit_t'},
         {'kwargs': {'activation': 'relu',
                     'channel_memory_size': 256,
                     'dim_feedforward': 1024,
                     'dropout': 0.1,
                     'feature_jitter': {'prob': 1.0, 'scale': 20.0},
                     'feature_size': [14, 14],
                     'hidden_dim': 256,
                     'initializer': {'method': 'xavier_uniform'},
                     'neighbor_mask': {'mask': [False, False, False],
                                       'neighbor_size': [7, 7]},
                     'nhead': 8,
                     'normalize_before': False,
                     'num_decoder_layers': 4,
                     'num_encoder_layers': 4,
                     'outplanes': [256],
                     'pos_embed_type': 'learned',
                     'save_recon': {'save_dir': 'result_recon'},
                     'spatial_memory_size': 256},
          'name': 'reconstruction',
          'prev': 'backbone',
          'type': 'models.reconstructions.UniADMemory'}],
 'port': 11111,
 'random_seed': 133,
 'save_path': 'bottle\\checkpoints_mobilesam/',
 'saver': {'always_save': False,
           'auto_resume': True,
           'load_path': 'None',
           'log_dir': 'log_mobilesam/',
           'save_dir': 'checkpoints_mobilesam/'},
 'trainer': {'clip_max_norm': 0.1,
             'lr_scheduler': {'kwargs': {'gamma': 0.1, 'step_size': 500},
                              'type': 'StepLR'},
             'max_epoch': 500,
             'optimizer': {'kwargs': {'betas': [0.9, 0.999],
                                      'lr': 0.0001,
                                      'weight_decay': 0.0001},
                           'type': 'AdamW'},
             'print_freq_step': 100,
             'tb_freq_step': 1,
             'val_freq_epoch': 1},
 'version': 'v1.0.0',
 'wandb': {'api_key': '0f2ca680372a916c31aab5ede7bbefab410fe503',
           'dir': None,
           'enabled': False,
           'entity': None,
           'group': None,
           'job_type': 'train',
           'login': True,
           'mode': 'online',
           'name': 'bottle_zscore_sigmol_500_256_256_0mse_1spatial_mse_3non_beta2',
           'notes': 'UniAD with Spatial Region Focal Loss (pure) on MVTec-AD '
                    'dataset - Local Training',
           'project': 'UniAD-MVTec-single',
           'resume': 'allow',
           'run_id': None,
           'tags': ['mvtec',
                    'anomaly-detection',
                    'spatial-focal-loss',
                    'local']}}
[2025-09-04 17:50:47,497][   train_val.py][line: 135][    INFO] Training separate class: bottle
[2025-09-04 17:50:47,497][   train_val.py][line: 136][    INFO] Experiment path: bottle
[2025-09-04 17:50:49,159][   train_val.py][line: 174][    INFO] layers: ['backbone', 'reconstruction']
[2025-09-04 17:50:49,159][   train_val.py][line: 175][    INFO] active layers: ['reconstruction']
[2025-09-04 17:50:54,233][   train_val.py][line: 204][    INFO] Resumed training from epoch 4 with best metric 0.733776902914719
[2025-09-04 17:50:54,233][   train_val.py][line: 205][    INFO] Resume model path: bottle\checkpoints_mobilesam/ckpt.pth.tar
[2025-09-04 17:50:54,233][custom_dataset.py][line:  36][    INFO] building CustomDataset from: ./data/MVTec-AD/train.json
[2025-09-04 17:50:54,241][custom_dataset.py][line:  96][    INFO] Dataset loaded: 209 samples (filtered by class: bottle)
[2025-09-04 17:50:54,241][custom_dataset.py][line:  36][    INFO] building CustomDataset from: ./data/MVTec-AD/test.json
[2025-09-04 17:50:54,245][custom_dataset.py][line:  96][    INFO] Dataset loaded: 83 samples (filtered by class: bottle)
[2025-09-04 17:50:54,245][   train_val.py][line: 239][    INFO] Starting training from epoch 5/500
[2025-09-04 17:51:59,002][   train_val.py][line: 472][    INFO] Gathering final results ...
[2025-09-04 17:51:59,002][   train_val.py][line: 474][    INFO]  * Loss 0.00520	total_num=83
[2025-09-04 17:52:01,586][ eval_helper.py][line: 222][    INFO] 
|  clsname  |  pixel   |   std    |   max    |
|:---------:|:--------:|:--------:|:--------:|
|  bottle   | 0.748315 | 0.833333 | 0.557937 |
|   mean    | 0.748315 | 0.833333 | 0.557937 |
